name: Ruby

on:
  push:
    branches:
      - main

  pull_request:


jobs:
  build:
    runs-on: ubuntu-latest 

    strategy:
      matrix:
        ruby:
          - 3.0.2   