<!DOCTYPE html>
<html>
<head>
  
  <style>
    /* note comments within CSS is not stripped out */
  </style>
</head>
<body></body>
</html>